---
source: crates/monokit_tests/src/outline.rs
expression: output
---
--- example.go ---
L  28   Function Error func (e *ParseError) Error() string {
	return fmt.Sprintf("parse error at %d: %s", e.Position, e.Message)
} // Error implements the error interface.
L  55   Function Parse func Parse(input []byte) (*Ast, error) {
	if len(input) == 0 {
		return nil, &ParseError{Message: "empty input", Position: 0}
	}
	return &Ast{Root: &Node{Value: string(input)}}, nil
} // Parse parses a byte slice into an Ast.
L  63   Function FormatNode func FormatNode(node *Node) string {
	if len(node.Children) == 0 {
		return node.Value
	}
	return node.Label
} // FormatNode renders a Node as a human-readable string.
